

********** Creating stratified splits on the enriched dataset **********

Train multi:
multi_label
0     772
1     333
2     185
3     161
4     148
5     139
6     132
7      99
8      93
9      79
10     69
11     65
12     52
13     48
Name: count, dtype: int64

Val multi:
multi_label
0     86
1     38
2     21
3     18
4     17
5     16
6     15
8     11
7     11
9      9
10     8
11     8
12     6
13     6
Name: count, dtype: int64

Train binary:
binary_label
0    2035
1     340
Name: count, dtype: int64

Val binary:
binary_label
0    231
1     39
Name: count, dtype: int64

