2024-11-08 11:10:26,055 - INFO - 

************** Fine-tuning microsoft/BiomedNLP-PubMedBERT-base-uncased-abstract-fulltext: multi **************
2024-11-08 11:16:15,761 - INFO - 

************** Fine-tuning microsoft/BiomedNLP-PubMedBERT-base-uncased-abstract-fulltext: multi **************
2024-11-08 11:27:21,693 - INFO - 

************** Fine-tuning microsoft/BiomedNLP-PubMedBERT-base-uncased-abstract-fulltext: multi **************
2024-11-08 11:28:11,714 - INFO - Epoch 1/10
2024-11-08 11:28:11,714 - INFO - Train Loss: 1.557055090011571
2024-11-08 11:28:11,714 - INFO - Validation Loss: 0.6522492915391922
2024-11-08 11:28:11,714 - INFO - Validation F1-score: 0.7869915283087421
2024-11-08 11:28:55,397 - INFO - Epoch 2/10
2024-11-08 11:28:55,398 - INFO - Train Loss: 0.5346912935827718
2024-11-08 11:28:55,398 - INFO - Validation Loss: 0.5801299499238238
2024-11-08 11:28:55,398 - INFO - Validation F1-score: 0.8279221900722264
2024-11-08 11:29:40,123 - INFO - Epoch 3/10
2024-11-08 11:29:40,123 - INFO - Train Loss: 0.3082716078168214
2024-11-08 11:29:40,123 - INFO - Validation Loss: 0.5012015002670095
2024-11-08 11:29:40,123 - INFO - Validation F1-score: 0.8530062332948423
2024-11-08 11:30:23,048 - INFO - Epoch 4/10
2024-11-08 11:30:23,049 - INFO - Train Loss: 0.14738326600003324
2024-11-08 11:30:23,049 - INFO - Validation Loss: 0.5354865720933851
2024-11-08 11:30:23,049 - INFO - Validation F1-score: 0.847588151284174
2024-11-08 11:31:05,462 - INFO - Epoch 5/10
2024-11-08 11:31:05,463 - INFO - Train Loss: 0.07065954561398587
2024-11-08 11:31:05,463 - INFO - Validation Loss: 0.5018653281115215
2024-11-08 11:31:05,463 - INFO - Validation F1-score: 0.8720346046184065
2024-11-08 11:31:49,008 - INFO - Epoch 6/10
2024-11-08 11:31:49,008 - INFO - Train Loss: 0.03971840235677482
2024-11-08 11:31:49,008 - INFO - Validation Loss: 0.4830268634524306
2024-11-08 11:31:49,008 - INFO - Validation F1-score: 0.885370605270175
2024-11-08 11:32:31,961 - INFO - Epoch 7/10
2024-11-08 11:32:31,962 - INFO - Train Loss: 0.022557947844241807
2024-11-08 11:32:31,962 - INFO - Validation Loss: 0.5250341664753196
2024-11-08 11:32:31,962 - INFO - Validation F1-score: 0.8814407576303169
2024-11-08 11:33:14,130 - INFO - Epoch 8/10
2024-11-08 11:33:14,130 - INFO - Train Loss: 0.014105537177223449
2024-11-08 11:33:14,130 - INFO - Validation Loss: 0.5273063659448834
2024-11-08 11:33:14,130 - INFO - Validation F1-score: 0.8673248306166444
2024-11-08 11:33:54,473 - INFO - Epoch 9/10
2024-11-08 11:33:54,473 - INFO - Train Loss: 0.008116331198393847
2024-11-08 11:33:54,473 - INFO - Validation Loss: 0.537362729315646
2024-11-08 11:33:54,473 - INFO - Validation F1-score: 0.8740605036980011
2024-11-08 11:34:33,331 - INFO - Epoch 10/10
2024-11-08 11:34:33,332 - INFO - Train Loss: 0.007017618626895476
2024-11-08 11:34:33,332 - INFO - Validation Loss: 0.5470689668950132
2024-11-08 11:34:33,332 - INFO - Validation F1-score: 0.8740605036980011
2024-11-08 11:34:33,332 - INFO - Early stopping as validation loss didn't improve for 4 consecutive epochs.
2024-11-08 11:34:33,723 - INFO - 

************** Fine-tuning microsoft/BiomedNLP-BiomedBERT-base-uncased-abstract: multi **************
2024-11-08 11:35:18,336 - INFO - Epoch 1/10
2024-11-08 11:35:18,337 - INFO - Train Loss: 1.502175291228776
2024-11-08 11:35:18,337 - INFO - Validation Loss: 0.6594121719107908
2024-11-08 11:35:18,337 - INFO - Validation F1-score: 0.8057763853116059
2024-11-08 11:35:57,867 - INFO - Epoch 2/10
2024-11-08 11:35:57,867 - INFO - Train Loss: 0.5282923979339776
2024-11-08 11:35:57,867 - INFO - Validation Loss: 0.5815026325118893
2024-11-08 11:35:57,867 - INFO - Validation F1-score: 0.8406518991486156
2024-11-08 11:36:36,754 - INFO - Epoch 3/10
2024-11-08 11:36:36,754 - INFO - Train Loss: 0.2265041945031797
2024-11-08 11:36:36,754 - INFO - Validation Loss: 0.5887261574868771
2024-11-08 11:36:36,754 - INFO - Validation F1-score: 0.839871957586512
2024-11-08 11:37:16,261 - INFO - Epoch 4/10
2024-11-08 11:37:16,261 - INFO - Train Loss: 0.11426818765612062
2024-11-08 11:37:16,262 - INFO - Validation Loss: 0.5471954197787187
2024-11-08 11:37:16,262 - INFO - Validation F1-score: 0.8650502191890609
2024-11-08 11:37:55,108 - INFO - Epoch 5/10
2024-11-08 11:37:55,108 - INFO - Train Loss: 0.05503969782530659
2024-11-08 11:37:55,108 - INFO - Validation Loss: 0.600293889586978
2024-11-08 11:37:55,108 - INFO - Validation F1-score: 0.8628950999539236
2024-11-08 11:38:34,041 - INFO - Epoch 6/10
2024-11-08 11:38:34,041 - INFO - Train Loss: 0.04894364385721384
2024-11-08 11:38:34,041 - INFO - Validation Loss: 0.6359654555562884
2024-11-08 11:38:34,041 - INFO - Validation F1-score: 0.8596651338632267
2024-11-08 11:39:12,961 - INFO - Epoch 7/10
2024-11-08 11:39:12,961 - INFO - Train Loss: 0.020095732975563014
2024-11-08 11:39:12,961 - INFO - Validation Loss: 0.6509636452503722
2024-11-08 11:39:12,961 - INFO - Validation F1-score: 0.8621601380532772
2024-11-08 11:39:51,850 - INFO - Epoch 8/10
2024-11-08 11:39:51,850 - INFO - Train Loss: 0.011225507863536979
2024-11-08 11:39:51,850 - INFO - Validation Loss: 0.654865601716344
2024-11-08 11:39:51,850 - INFO - Validation F1-score: 0.869513667169606
2024-11-08 11:39:51,850 - INFO - Early stopping as validation loss didn't improve for 4 consecutive epochs.
2024-11-08 11:39:52,065 - INFO - 

************** Fine-tuning allenai/scibert_scivocab_uncased: multi **************
2024-11-08 11:40:39,709 - INFO - Epoch 1/10
2024-11-08 11:40:39,709 - INFO - Train Loss: 1.4912061411824693
2024-11-08 11:40:39,709 - INFO - Validation Loss: 0.8384695342358421
2024-11-08 11:40:39,709 - INFO - Validation F1-score: 0.7411218035351116
2024-11-08 11:41:19,484 - INFO - Epoch 2/10
2024-11-08 11:41:19,485 - INFO - Train Loss: 0.574754690582102
2024-11-08 11:41:19,485 - INFO - Validation Loss: 0.6866470325519057
2024-11-08 11:41:19,485 - INFO - Validation F1-score: 0.7656594853325503
2024-11-08 11:41:59,157 - INFO - Epoch 3/10
2024-11-08 11:41:59,157 - INFO - Train Loss: 0.25416107334020965
2024-11-08 11:41:59,157 - INFO - Validation Loss: 0.6324865820215029
2024-11-08 11:41:59,157 - INFO - Validation F1-score: 0.8072299897499599
2024-11-08 11:42:38,833 - INFO - Epoch 4/10
2024-11-08 11:42:38,833 - INFO - Train Loss: 0.11500304605285025
2024-11-08 11:42:38,833 - INFO - Validation Loss: 0.5885289344827042
2024-11-08 11:42:38,833 - INFO - Validation F1-score: 0.8426905549151853
2024-11-08 11:43:17,840 - INFO - Epoch 5/10
2024-11-08 11:43:17,840 - INFO - Train Loss: 0.06560712610763382
2024-11-08 11:43:17,840 - INFO - Validation Loss: 0.7080223250531537
2024-11-08 11:43:17,840 - INFO - Validation F1-score: 0.8150964706341051
2024-11-08 11:43:57,493 - INFO - Epoch 6/10
2024-11-08 11:43:57,493 - INFO - Train Loss: 0.055057932850073786
2024-11-08 11:43:57,493 - INFO - Validation Loss: 0.5877481964005924
2024-11-08 11:43:57,493 - INFO - Validation F1-score: 0.8472730331585744
2024-11-08 11:44:37,158 - INFO - Epoch 7/10
2024-11-08 11:44:37,159 - INFO - Train Loss: 0.019873394406642073
2024-11-08 11:44:37,159 - INFO - Validation Loss: 0.5566753217512194
2024-11-08 11:44:37,159 - INFO - Validation F1-score: 0.8490002589045132
2024-11-08 11:45:16,341 - INFO - Epoch 8/10
2024-11-08 11:45:16,341 - INFO - Train Loss: 0.011034398337336953
2024-11-08 11:45:16,341 - INFO - Validation Loss: 0.5881802933530279
2024-11-08 11:45:16,341 - INFO - Validation F1-score: 0.8334282712617552
2024-11-08 11:45:55,371 - INFO - Epoch 9/10
2024-11-08 11:45:55,371 - INFO - Train Loss: 0.005346783954236243
2024-11-08 11:45:55,371 - INFO - Validation Loss: 0.5932944028069923
2024-11-08 11:45:55,371 - INFO - Validation F1-score: 0.8517708598209334
2024-11-08 11:46:34,321 - INFO - Epoch 10/10
2024-11-08 11:46:34,323 - INFO - Train Loss: 0.005223951267191406
2024-11-08 11:46:34,326 - INFO - Validation Loss: 0.5999740792527412
2024-11-08 11:46:34,326 - INFO - Validation F1-score: 0.8518691949576003
2024-11-08 11:46:34,526 - INFO - 

************** Fine-tuning michiyasunaga/BioLinkBERT-base: multi **************
2024-11-08 11:47:19,075 - INFO - Epoch 1/10
2024-11-08 11:47:19,075 - INFO - Train Loss: 1.5281746896228405
2024-11-08 11:47:19,075 - INFO - Validation Loss: 0.6912776615251514
2024-11-08 11:47:19,075 - INFO - Validation F1-score: 0.7944916380243892
2024-11-08 11:47:58,389 - INFO - Epoch 2/10
2024-11-08 11:47:58,389 - INFO - Train Loss: 0.5204083464462749
2024-11-08 11:47:58,389 - INFO - Validation Loss: 0.49754574358025017
2024-11-08 11:47:58,389 - INFO - Validation F1-score: 0.8482404237413037
2024-11-08 11:48:37,714 - INFO - Epoch 3/10
2024-11-08 11:48:37,714 - INFO - Train Loss: 0.2707054337442724
2024-11-08 11:48:37,714 - INFO - Validation Loss: 0.43369866830899434
2024-11-08 11:48:37,714 - INFO - Validation F1-score: 0.857015306181973
2024-11-08 11:49:16,471 - INFO - Epoch 4/10
2024-11-08 11:49:16,471 - INFO - Train Loss: 0.15510008728401328
2024-11-08 11:49:16,471 - INFO - Validation Loss: 0.5224021324093509
2024-11-08 11:49:16,471 - INFO - Validation F1-score: 0.856080506843364
2024-11-08 11:49:55,202 - INFO - Epoch 5/10
2024-11-08 11:49:55,203 - INFO - Train Loss: 0.07353306870581425
2024-11-08 11:49:55,203 - INFO - Validation Loss: 0.5070681899019024
2024-11-08 11:49:55,203 - INFO - Validation F1-score: 0.8632990223646262
2024-11-08 11:50:33,994 - INFO - Epoch 6/10
2024-11-08 11:50:33,994 - INFO - Train Loss: 0.0417096150117089
2024-11-08 11:50:33,994 - INFO - Validation Loss: 0.5498265421552145
2024-11-08 11:50:33,994 - INFO - Validation F1-score: 0.8789080122413456
2024-11-08 11:51:12,764 - INFO - Epoch 7/10
2024-11-08 11:51:12,764 - INFO - Train Loss: 0.02297273154060046
2024-11-08 11:51:12,764 - INFO - Validation Loss: 0.5236143692095271
2024-11-08 11:51:12,764 - INFO - Validation F1-score: 0.859796152585272
2024-11-08 11:51:12,764 - INFO - Early stopping as validation loss didn't improve for 4 consecutive epochs.
